// Jest Snapshot v1, https://goo.gl/fbAQLP

exports[`Stock List Page  stock Home Page should render a stock List table 1`] = `
<div>
  <stocklist />
</div>
`;
